// Jest Snapshot v1, https://goo.gl/fbAQLP

exports[`StatementsContainer Displays statements 1`] = `
<div>
  <div
    className="rootAlt contra"
  >
    <div
      onClick={[Function]}
      role="button"
      style={
        Object {
          "cursor": "pointer",
        }
      }
    >
      <img
        alt="IMG"
        className="avatar"
        src="https://api.adorable.io/avatars/32/firstTwo.io.png"
      />
    </div>
    <div
      style={
        Object {
          "width": "100%",
        }
      }
    >
      <div
        className="header"
      >
        <div>
          <span
            className="author"
          >
            firstTwo
             
            lastTwo
          </span>
          <span>
             (+4)
          </span>
        </div>
        <div
          className="root column"
          onClick={null}
        >
          <button
            className="button plain"
            disabled={false}
            onClick={[Function]}
          >
            <span
              className="icon"
            >
              <svg
                height="24px"
                role="img"
                viewBox="0 0 24 24"
                width="24px"
              >
                <path
                  d="M3,13 L3,11 L5,11 L5,13 L3,13 Z M11,12.9995001 L11,11 L12.9995001,11 L12.9995001,12.9995001 L11,12.9995001 Z M19,12.9995001 L19,11 L20.9995001,11 L20.9995001,12.9995001 L19,12.9995001 Z"
                  fill="none"
                  stroke="#666"
                  strokeWidth="2"
                />
              </svg>
            </span>
          </button>
        </div>
      </div>
      <div
        className="text"
      >
        <div
          className="expanded"
        >
          before
        </div>
      </div>
    </div>
  </div>
</div>
`;
