// Jest Snapshot v1, https://goo.gl/fbAQLP

exports[`FeedContainer Displays activity 1`] = `
<div
  className="container"
>
  <div
    className="container"
  >
    <div
      className="date"
    >
      <span>
        vor 8 Monaten
      </span>
    </div>
    <div>
      :(
    </div>
    <div>
      <a
        href="/proposal/xxx/1"
        onClick={[Function]}
      >
        <div
          className="rootAlt contra"
        >
          <div
            onClick={[Function]}
            role="button"
            style={
              Object {
                "cursor": "auto",
              }
            }
          >
            <img
              alt="IMG"
              className="avatar"
              src="https://api.adorable.io/avatars/32/GraceVon.io.png"
            />
          </div>
          <div
            style={
              Object {
                "width": "100%",
              }
            }
          >
            <div
              className="header"
            >
              <div>
                <span
                  className="author"
                >
                  Grace
                   
                  Von
                </span>
                <span>
                  
                </span>
              </div>
            </div>
            <div
              className="text"
            >
              <div
                className="expanded"
              >
                before
              </div>
            </div>
          </div>
        </div>
      </a>
    </div>
  </div>
</div>
`;
